
> udroid-library@0.1.0 build
> next build

node.exe : ΓÜá Warning: Next.js 
inferred your workspace root, but 
it may not be correct.
At line:1 char:1
+ & "C:\Program 
Files\nodejs/node.exe" "C:\Program 
Files\nodejs/node_mo ...
+ ~~~~~~~~~~~~~~~~~~~~~~~~~~~~~~~~~
~~~~~~~~~~~~~~~~~~~~~~~~~~~~~~~~~~~
~
    + CategoryInfo          : NotS 
   pecified: (ΓÜá Warning: Ne...n  
  ot be correct.:String) [], Rem   
 oteException
    + FullyQualifiedErrorId : Nati 
   veCommandError
 
 We detected multiple lockfiles 
and selected the directory of 
C:\UDROID PRODUCT\udroid-ui 
Library\package-lock.json as the 
root directory.
 To silence this warning, set 
`turbopack.root` in your Next.js 
config, or consider removing one 
of the lockfiles if it's not 
needed.
   See https://nextjs.org/docs/app/
api-reference/config/next-config-js
/turbopack#root-directory for more 
information.
 Detected additional lockfiles: 
   * C:\UDROID PRODUCT\udroid-ui Li
brary\udroid-library\package-lock.j
son

Γû▓ Next.js 16.1.1 (Turbopack)

  Creating an optimized production build ...
Γ£ô Compiled successfully in 16.6s
  Running TypeScript ...
Failed to compile.

./udroid/src/components/Input/Input
.types.ts:5:18
Type error: Interface 'InputProps' 
incorrectly extends interface 
'VariantProps<(props?: 
(ConfigVariants<{ variant: { 
default: string; filled: string; 
}; error: { true: string; }; 
success: { true: string; }; size: 
{ sm: string; md: string; lg: 
string; }; }> & ClassProp) | 
undefined) => string>'.
  Types of property 'error' are 
incompatible.
    Type 'string | boolean | 
undefined' is not assignable to 
type 'boolean | null | undefined'.
      Type 'string' is not 
assignable to type 'boolean | null 
| undefined'.

[0m [90m 3 |[39m 
[36mimport[39m { inputVariants } 
[36mfrom[39m [32m'./Input.styles
'[39m[33m;[39m
 [90m 4 |[39m
[31m[1m>[22m[39m[90m 5 |[39m 
[36mexport[39m 
[36minterface[39m 
[33mInputProps[39m
 [90m   |[39m                  
[31m[1m^[22m[39m
 [90m 6 |[39m     
[36mextends[39m [33mOmit[39m[3
3m<[39m[33mInputHTMLAttributes[3
9m[33m<[39m[33mHTMLInputElement
[39m[33m>[39m[33m,[39m [32m'si
ze'[39m[33m>[39m[33m,[39m
 [90m 7 |[39m     [33mVariantPro
ps[39m[33m<[39m[36mtypeof[39m 
inputVariants[33m>[39m {
 [90m 8 |[39m     
[90m/**[39m[0m
Next.js build worker exited with 
code: 1 and signal: null
